vite v6.4.3 building for production...
transforming...
✓ 37 modules transformed.
rendering chunks...
computing gzip size...
dist/index.html                   1.13 kB │ gzip:  0.59 kB
dist/assets/index-CmzRzZ_R.css    2.33 kB │ gzip:  0.95 kB
dist/assets/index-DTBjnPWV.js   224.39 kB │ gzip: 68.36 kB
✓ built in 40.17s
